\documentclass[letter,titlepage,oneside,11pt]{report}%
\usepackage[T1]{fontenc}%
\usepackage[utf8]{inputenc}%
\usepackage{lmodern}%
\usepackage{textcomp}%
\usepackage{lastpage}%
%
\setlength{\parindent}{0pt}%
\usepackage{amsthm,amsmath,amssymb,stmaryrd}%
\usepackage{booktabs}%
\usepackage{multirow}%
\usepackage[width=.75\textwidth]{caption}%
\usepackage{grffile}%
\usepackage{spverbatim}%
\usepackage{float}%
\usepackage{xspace}%
\usepackage{xfrac}%
\usepackage{colortbl}%
\setcounter{tocdepth}{3}%
\setcounter{secnumdepth}{3}%
\usepackage[strings]{underscore}%
\usepackage[obeyspaces,spaces]{url}%
\usepackage[hidelinks]{hyperref}%
\hypersetup{colorlinks=true, urlcolor=blue, filecolor=blue, linkcolor=black}%
\usepackage[margin=1in]{geometry}%
\usepackage{xcolor}%
\title{\textbf{ARG Report}}%
\author{root}%
\date{\today}%
%
\begin{document}%
\normalsize%
\maketitle%
\cleardoublepage%
This document was generated on 2021-03-30, 06:12:02 with the Automatic Report Generator (ARG) version "develop" on the Linux system \texttt{runner-ed2dce3a-project-18732201-concurrent-0}.%
\cleardoublepage%
\tableofcontents%
\listoffigures%
\listoftables%
\cleardoublepage%
\chapter{Hello, world! Chapter!}%
\par%
\section{Hello, world! Section!}%
\par%
\subsection{Hello, world! Subsection!}%
\par%
\subsubsection{Hello, world! Subsubsection!}%
\par%
\par%
Just a string%
\\%
\href{expected/build_tests-hello_world-Report-LaTeX.pdf}{\underline{Hello hyperlink!}}%
\\%
\par%
Just another string%
\\%
\href{https://automaticreportgenerator.gitlab.io/arg/}{\underline{ARG's documentation}}%
\\%
\end{document}