ARG version: 1.1.2

# Chapters
chapters:

# Introduction
- n: chapter_null
  title: Introduction
  string: 'The structure of this report was built by the Explorator component of ARG, which explored the following directory:'
  sections:
  - n: paragraph
    verbatim: '/builds/AutomaticReportGenerator/arg/tests/build_tests/crush-E/data'
  - n: paragraph
    string: 'and discovered the following relevant data:'
  - n: itemize
    items:
    - string: ExodusII mesh in \texttt{crush_assembly.g}
# CAD chapter
- n: chapter
  title: Geometry
  string: 'This chapter describes the geometry as specified in the parameters file.'
  sections:
  - n: paragraph
    string: The term Electronic Product Definition (EPD) is also often used to denote the CAD geometry of the case.
  - n: section
    title: Geometry Files
    string: 'This section provides an overview of the geometry files found in:'
    sections:
    - n: paragraph
      verbatim: /builds/AutomaticReportGenerator/arg/tests/build_tests/crush-E/data/Interface
    - n: aggregate
      name: show_mesh_surface
      model: Interface/box_shell.stl
      datatype: vtkSTL
      width: 12cm
      axes: True
      merge: True
    - n: aggregate
      name: show_mesh_surface
      model: Interface/case.stl
      datatype: vtkSTL
      width: 12cm
      axes: True
      merge: True
    - n: aggregate
      name: show_mesh_surface
      model: Interface/crusher.stl
      datatype: vtkSTL
      width: 12cm
      axes: True
      merge: True
    - n: aggregate
      name: show_mesh_surface
      model: Interface/duct.stl
      datatype: vtkSTL
      width: 12cm
      axes: True
      merge: True
    - n: aggregate
      name: show_mesh_surface
      model: Interface/foam.stl
      datatype: vtkSTL
      width: 12cm
      axes: True
      merge: True
    - n: aggregate
      name: show_mesh_surface
      model: Interface/lid.stl
      datatype: vtkSTL
      width: 12cm
      axes: True
      merge: True
    - n: aggregate
      name: show_mesh_surface
      model: Interface/plug.stl
      datatype: vtkSTL
      width: 12cm
      axes: True
      merge: True
    - n: aggregate
      name: show_mesh_surface
      model: Interface/post.stl
      datatype: vtkSTL
      width: 12cm
      axes: True
      merge: True
    - n: aggregate
      name: show_mesh_surface
      model: Interface/target.stl
      datatype: vtkSTL
      width: 12cm
      axes: True
      merge: True
    - n: aggregate
      name: show_mesh_surface
      model: Interface/weld.stl
      datatype: vtkSTL
      width: 12cm
      axes: True
      merge: True
    - n: paragraph
      string: We note that this is a particular case with a bijection between CAD and FEM items.
  - n: section
    title: CAD metadata
    string: 'This section describes the CAD metadata found in:'
    sections:
    - n: paragraph
      verbatim: /builds/AutomaticReportGenerator/arg/tests/build_tests/crush-E/data/Interface
    - n: aggregate
      name: show_CAD_metadata
      datatype: vtkSTL
      metadata: ['DWG_TITLE1', 'UNITS', 'MATERIAL']
      parameters_root: /builds/AutomaticReportGenerator/arg/tests/build_tests/crush-E/data/Interface
# Mesh chapter
- n: chapter
  title: ExodusII Mesh
  string: 'This chapter describes the ExodusII mesh in:'
  sections:
  - n: paragraph
    verbatim: /builds/AutomaticReportGenerator/arg/tests/build_tests/crush-E/data/crush_assembly.g
  - n: section
    title: Overview
    string: This section provides an overview of the meta-data and global properties of this ExodusII mesh.
    sections:
    - n: meta
      datatype: ExodusII
      dataset: crush_assembly.g
    - n: aggregate
      name: show_mesh_surface
      model: crush_assembly.g
      datatype: ExodusII
      var_name: ObjectId
      width: 16cm
      axes: True
  - n: section
    title: Mesh Blocks
    string: This section provides a description of all blocks contained in the mesh.
    sections:
    - n: aggregate
      name: show_all_blocks_with_edges
      datatype: ExodusII
      model: crush_assembly.g
      width: 10cm
      histogram_width: 14cm
      axes: True
